ATLAS_GROUP_ORDER 10200960
2A_CLASS_SIZE 3795
CONJUGACY_ORBIT_VISITED 3320
SEED_TYPES [(2, 2, 2, 2, 2, 2, 2, 2), (2, 2, 2, 2, 2, 2, 2, 2), (2, 2, 2, 2, 2, 2, 2, 2), (2, 2, 2, 2, 2, 2, 2, 2), (3, 3, 3, 3, 3, 3)]
SEED_PRODUCT_ONE True
TEN_2A_COUNT 10
TEN_2A_PRODUCT_ONE True
TEN_2A_GENERATED_ORDER 10200960
TEN_2A_SOURCE_GENUS 18
t1 = (2,6)(3,23)(5,19)(7,9)(8,14)(10,13)(15,16)(17,22)
t2 = (3,23)(4,12)(5,14)(7,9)(8,19)(10,22)(13,17)(20,21)
t3 = (1,17)(3,8)(4,15)(5,10)(9,13)(11,14)(12,21)(18,23)
t4 = (1,4)(2,19)(5,10)(6,7)(9,13)(11,18)(14,23)(15,17)
t5 = (1,12)(2,7)(4,13)(5,21)(6,16)(8,18)(10,14)(11,17)
t6 = (1,12)(5,21)(6,18)(8,16)(9,22)(10,17)(11,14)(15,20)
t7 = (2,21)(3,6)(4,9)(7,19)(8,12)(13,17)(14,16)(18,22)
t8 = (1,20)(2,21)(3,19)(4,22)(6,7)(8,12)(9,18)(10,23)
t9 = (2,9)(3,14)(5,16)(7,12)(8,20)(10,17)(13,18)(15,21)
t10 = (2,9)(3,19)(4,15)(5,12)(7,20)(8,16)(11,17)(13,22)
COLLAPSE_PAIRS
1 (2,6)(4,12)(5,8)(10,17)(13,22)(14,19)(15,16)(20,21) == g1
2 (1,15)(2,19)(3,8)(4,17)(6,7)(11,23)(12,21)(14,18) == g2
3 (2,7)(4,13)(6,8)(9,22)(10,11)(14,17)(15,20)(16,18) == g3
4 (1,20)(3,7)(4,18)(6,19)(9,22)(10,23)(13,17)(14,16) == g4
5 (3,19,14)(4,21,15)(5,7,8)(10,17,11)(12,16,20)(13,22,18) == g5
