u0 explicit word length 60 (1,22,9)(2,11,8)(4,13,12)(5,23,17)(6,15,10)(18,19,21)
class3 size 56672
facts 2688
class2 size 3795 raw stabilizer gens 2585
uniq stab gens 632
action maps 632
orbit sizes [224, 224, 896, 1344]
reverse_inverse invalid 0 matrix [[896, 0, 0, 0], [0, 1344, 0, 0], [0, 0, 224, 0], [0, 0, 0, 224]]
swap invalid 2688 matrix [[0, 0, 0, 0], [0, 0, 0, 0], [0, 0, 0, 0], [0, 0, 0, 0]]
inverse_each invalid 2688 matrix [[0, 0, 0, 0], [0, 0, 0, 0], [0, 0, 0, 0], [0, 0, 0, 0]]
hurwitz_q invalid 0 matrix [[896, 0, 0, 0], [0, 1344, 0, 0], [0, 0, 224, 0], [0, 0, 0, 224]]
hurwitz_q_inv invalid 0 matrix [[896, 0, 0, 0], [0, 1344, 0, 0], [0, 0, 224, 0], [0, 0, 0, 224]]
ORBIT 0 rep u (2,3,4)(7,20,14)(8,22,15)(9,21,13)(10,19,16)(12,23,18) v (1,4,2)(7,15,19)(8,14,21)(9,16,22)(10,13,20)(12,18,23) uv (1,2)(3,4)(7,8)(9,10)(13,14)(15,16)(19,20)(21,22)
 reverse_inverse orbit 0 u (1,2,4)(7,19,15)(8,21,14)(9,22,16)(10,20,13)(12,23,18) v (2,4,3)(7,14,20)(8,15,22)(9,13,21)(10,16,19)(12,18,23)
ORBIT 1 rep u (2,3,4)(6,7,14)(8,13,12)(9,16,18)(10,15,23)(19,21,22) v (1,4,2)(6,14,8)(7,12,13)(9,23,15)(10,18,16)(19,20,22) uv (1,2)(3,4)(7,8)(9,10)(13,14)(15,16)(19,20)(21,22)
 reverse_inverse orbit 1 u (1,2,4)(6,8,14)(7,13,12)(9,15,23)(10,16,18)(19,22,20) v (2,4,3)(6,14,7)(8,12,13)(9,18,16)(10,23,15)(19,22,21)
ORBIT 2 rep u (2,3,4)(5,11,17)(7,10,9)(12,18,23)(13,14,16)(19,21,20) v (1,4,2)(5,17,11)(7,8,9)(12,23,18)(14,16,15)(19,21,22) uv (1,2)(3,4)(7,8)(9,10)(13,14)(15,16)(19,20)(21,22)
 reverse_inverse orbit 2 u (1,2,4)(5,11,17)(7,9,8)(12,18,23)(14,15,16)(19,22,21) v (2,4,3)(5,17,11)(7,9,10)(12,23,18)(13,16,14)(19,20,21)
ORBIT 3 rep u (2,3,4)(5,17,11)(7,13,19)(8,15,22)(9,16,20)(10,14,21) v (1,4,2)(5,11,17)(7,22,14)(8,19,16)(9,21,15)(10,20,13) uv (1,2)(3,4)(7,8)(9,10)(13,14)(15,16)(19,20)(21,22)
 reverse_inverse orbit 3 u (1,2,4)(5,17,11)(7,14,22)(8,16,19)(9,15,21)(10,13,20) v (2,4,3)(5,11,17)(7,19,13)(8,22,15)(9,20,16)(10,21,14)
centralizer subgroup enumerated size 2688
direct orbit rep old oid 0 size 896 old oids [0]
direct orbit rep old oid 1 size 1344 old oids [1]
direct orbit rep old oid 2 size 224 old oids [2]
direct orbit rep old oid 3 size 224 old oids [3]
