ORBIT_SIZE 21456
HIST q1 1:24 2:292 3:796 4:1248 5:980 6:1428
HIST q2 1:24 2:292 3:796 4:1248 5:980 6:1428
HIST q3 1:24 2:292 3:796 4:1248 5:980 6:1428
HIST q4sq 1:18 2:468 3:582 4:984 5:900 7:840 8:192 11:264
CHROM_FIXED 18
IOTA_MISSING 0
IOTA_INVOLUTION 1 IOTA_FIXED_TOTAL 42
MONO q1 FIXED_WIDTH_DIST 2:2 3:6 5:10 W5_CYCLES 980 W5_STATES 4900 DIAG 10
DIAG_IOTA_PRESERVES 0
DIAG_IOTA_FIXED 0 ORBITS (5619,1950) (5707,880) (10252,2777) (11406,5587) (13499,3978) (15797,4081) (17032,7705) (18695,4082) (20064,12705) (21190,10129)
MONO q2 FIXED_WIDTH_DIST 2:2 3:6 5:10 W5_CYCLES 980 W5_STATES 4900 DIAG 10
DIAG_IOTA_PRESERVES 0
DIAG_IOTA_FIXED 0 ORBITS (5707,880) (10293,8509) (13499,3978) (13948,1912) (15796,10258) (15915,13050) (15916,5684) (17032,7705) (19016,4013) (21190,10129)
MONO q3 FIXED_WIDTH_DIST 4:5 6:13 W5_CYCLES 980 W5_STATES 4900 DIAG 0
DIAG_IOTA_PRESERVES 1
DIAG_IOTA_FIXED 0 ORBITS
IOTA_CONJ q1 -> q3^-1
IOTA_CONJ q2 -> q2^-1
IOTA_CONJ q3 -> q1^-1
IOTA_CONJ q4sq ->
MONO_PAIR_OPERATORS 6 CHROM_PAIR_OPERATORS 4
WHOLE_DIAGONAL_SIZE 60 IOTA_PRESERVED 1 IOTA_FIXED 0 CELL_COUNT_HIST 0:12 4:4 10:8 MULTIPLICITY_HIST 1:24 2:36
IOTA_FIXED_DIAGNOSTIC MONO5 30 CHROM_FIXED 0 BOTH 0
POINT_PUSH_ORBITS 1 SIZE_HIST 21456:1
POINT_PUSH_REL_ORDER 0123
POINT_PUSH_REL_ORDER 1230
POINT_PUSH_REL_ORDER 2301
POINT_PUSH_REL_ORDER 3012
POINT_PUSH_REL_COUNT 4
POINT_PUSH_ORBIT 0 D 21456 CYCLES 4248 4248 4248 4248 GENUS 12961
POINT_PUSH_GENUS_HIST 12961:1 INVALID_PARITY 0
D10_SIZE 10 STATES 5619 5707 10252 11406 13499 15797 17032 18695 20064 21190
D10_RESTRICT q1 PRESERVES 1 PERM 1 2 4 6 7 8 5 0 9 3 CTYPE 5:2
D10_RESTRICT q2 PRESERVES 0
D10_RESTRICT q3 PRESERVES 0
D10_RESTRICT q4sq PRESERVES 1 PERM 0 1 2 3 4 5 6 7 8 9 CTYPE 1:10
D10_RESTRICT chrom0 PRESERVES 1 PERM 0 1 2 3 4 5 6 7 8 9 CTYPE 1:10
D10_RESTRICT chrom1 PRESERVES 0
D10_RESTRICT chrom2 PRESERVES 0
D10_RESTRICT chrom3 PRESERVES 0
D10_RESTRICT mono0 PRESERVES 1 PERM 1 2 4 6 7 8 5 0 9 3 CTYPE 5:2
D10_RESTRICT mono1 PRESERVES 0
D10_RESTRICT mono2 PRESERVES 0
D10_RESTRICT mono3 PRESERVES 0
D10_RESTRICT mono4 PRESERVES 0
D10_RESTRICT mono5 PRESERVES 0
LEDGER_CYCLE_P0 21190 11406 17032 15797 20064
LEDGER_CYCLE_P1 5707 10252 13499 18695 5619
LEDGER_KAPPA_LOCAL 8 9 3 2 6 7 4 5 0 1
LEDGER_KAPPA_PAIRS (21190,5707) (11406,10252) (17032,13499) (15797,18695) (20064,5619)
LEDGER_KAPPA_CHECK INVOLUTION 1 FREE 1 COMMUTES_Q1 1
LEDGER_PHASE_RELATIVE_OLD 3
PROJECTED_KEY_FIBERS {21190,5707} {11406,10252} {17032,13499} {15797,18695} {20064,5619}
PROJECTED_KEY_MULTIPLICITIES 2 2 2 2 2
D10_PROJECTED_KEY_AUDIT_DONE
