LOCAL_B4_WORD_LENGTH 9
LOCAL_B4_WORD q3^-1 q2^-1 q1 q1 q2^-1 q1 q3 q3 q2^-1
Q_SYMMETRIC_REFINEMENT True
PAIR_FUSION_TYPES [2, 2, 3, 2, 2]
PAIR_FUSION_GENERATED_ORDER 10200960
TARGET_H5_MEMBERSHIP_WORD_LENGTH 9
TARGET_H5_MEMBERSHIP_WORD q4 q3^-1 q4 q3^-1 q2 q1^-1 q2 q1 q3
HUANG_HA_ORDERS [4, 3, 5, 3]
D10_LEAF_INDEX_1BASED 3
D10_R_ORDER 5
CENTRALIZER_H_ORDER 2688
MULTIPLIER2_LIFTS 3
F20_X_ORDER 4
F20_X_SQUARE_EQUALS_H True
F20_R_TO_R2 True
F20_SUBGROUP_ORDER 20
LOCAL_FIVE_PLUS_DUAL_PACKET_SIZE 10
UNITS_MOD_30 [1, 7, 11, 13, 17, 19, 23, 29]
C4_GENERATOR_7_ORBIT [1, 7, 19, 13]
MULTIPLIER_7_MOD5_MOD3 (2, 1)
MULTIPLIER_11_MOD5_MOD3 (1, 2)
UNIQUE_3A_PAIR_SWAP_GIVES_INVERSE True
RAW_DUAL_COLLAPSE_AFTER_FORGETTING_MARKINGS True
ALL_ARITHMETIC_STABILIZATION_CHECKS_PASS True
