{
  "certificates": [
    {
      "U27_equals_U": true,
      "U_coefficients_low_to_high": [
        "1",
        "1/26",
        "-1/26",
        "1/26",
        "-1/26",
        "1/26",
        "-1/26",
        "1/26",
        "-1/26",
        "1/26",
        "-1/26",
        "1/26",
        "-1/26",
        "1/26",
        "-1/26",
        "1/26",
        "-1/26",
        "1/26",
        "-1/26",
        "1/26",
        "-1/26",
        "1/26",
        "-1/26",
        "1/26",
        "-1/26",
        "1/26",
        "-1/26"
      ],
      "U_expr": "-Z**26/26 + Z**25/26 - Z**24/26 + Z**23/26 - Z**22/26 + Z**21/26 - Z**20/26 + Z**19/26 - Z**18/26 + Z**17/26 - Z**16/26 + Z**15/26 - Z**14/26 + Z**13/26 - Z**12/26 + Z**11/26 - Z**10/26 + Z**9/26 - Z**8/26 + Z**7/26 - Z**6/26 + Z**5/26 - Z**4/26 + Z**3/26 - Z**2/26 + Z/26 + 1",
      "checks_pass": true,
      "e_coefficients_low_to_high": [
        "0",
        "-1/26",
        "1/26",
        "-1/26",
        "1/26",
        "-1/26",
        "1/26",
        "-1/26",
        "1/26",
        "-1/26",
        "1/26",
        "-1/26",
        "1/26",
        "-1/26",
        "1/26",
        "-1/26",
        "1/26",
        "-1/26",
        "1/26",
        "-1/26",
        "1/26",
        "-1/26",
        "1/26",
        "-1/26",
        "1/26",
        "-1/26",
        "1/26"
      ],
      "e_squared_equals_e": true,
      "idempotent_e_expr": "Z**26/26 - Z**25/26 + Z**24/26 - Z**23/26 + Z**22/26 - Z**21/26 + Z**20/26 - Z**19/26 + Z**18/26 - Z**17/26 + Z**16/26 - Z**15/26 + Z**14/26 - Z**13/26 + Z**12/26 - Z**11/26 + Z**10/26 - Z**9/26 + Z**8/26 - Z**7/26 + Z**6/26 - Z**5/26 + Z**4/26 - Z**3/26 + Z**2/26 - Z/26",
      "multiplication_rank_e": 1,
      "multiplication_trace_e": "1",
      "one_minus_U26_equals_e": true,
      "rank_one_trace_one": true,
      "rational_root": "-1"
    },
    {
      "U27_equals_U": true,
      "U_coefficients_low_to_high": [
        "0",
        "0",
        "0",
        "0",
        "0",
        "0",
        "0",
        "0",
        "0",
        "0",
        "0",
        "0",
        "0",
        "0",
        "0",
        "0",
        "0",
        "0",
        "0",
        "0",
        "0",
        "0",
        "0",
        "0",
        "0",
        "0",
        "1"
      ],
      "U_expr": "Z**26",
      "checks_pass": true,
      "e_coefficients_low_to_high": [
        "1",
        "0",
        "0",
        "0",
        "0",
        "0",
        "0",
        "0",
        "0",
        "0",
        "0",
        "0",
        "0",
        "0",
        "0",
        "0",
        "0",
        "0",
        "0",
        "0",
        "0",
        "0",
        "0",
        "0",
        "0",
        "0",
        "-1"
      ],
      "e_squared_equals_e": true,
      "idempotent_e_expr": "1 - Z**26",
      "multiplication_rank_e": 1,
      "multiplication_trace_e": "1",
      "one_minus_U26_equals_e": true,
      "rank_one_trace_one": true,
      "rational_root": "0"
    },
    {
      "U27_equals_U": true,
      "U_coefficients_low_to_high": [
        "1",
        "-1/26",
        "-1/26",
        "-1/26",
        "-1/26",
        "-1/26",
        "-1/26",
        "-1/26",
        "-1/26",
        "-1/26",
        "-1/26",
        "-1/26",
        "-1/26",
        "-1/26",
        "-1/26",
        "-1/26",
        "-1/26",
        "-1/26",
        "-1/26",
        "-1/26",
        "-1/26",
        "-1/26",
        "-1/26",
        "-1/26",
        "-1/26",
        "-1/26",
        "-1/26"
      ],
      "U_expr": "-Z**26/26 - Z**25/26 - Z**24/26 - Z**23/26 - Z**22/26 - Z**21/26 - Z**20/26 - Z**19/26 - Z**18/26 - Z**17/26 - Z**16/26 - Z**15/26 - Z**14/26 - Z**13/26 - Z**12/26 - Z**11/26 - Z**10/26 - Z**9/26 - Z**8/26 - Z**7/26 - Z**6/26 - Z**5/26 - Z**4/26 - Z**3/26 - Z**2/26 - Z/26 + 1",
      "checks_pass": true,
      "e_coefficients_low_to_high": [
        "0",
        "1/26",
        "1/26",
        "1/26",
        "1/26",
        "1/26",
        "1/26",
        "1/26",
        "1/26",
        "1/26",
        "1/26",
        "1/26",
        "1/26",
        "1/26",
        "1/26",
        "1/26",
        "1/26",
        "1/26",
        "1/26",
        "1/26",
        "1/26",
        "1/26",
        "1/26",
        "1/26",
        "1/26",
        "1/26",
        "1/26"
      ],
      "e_squared_equals_e": true,
      "idempotent_e_expr": "Z**26/26 + Z**25/26 + Z**24/26 + Z**23/26 + Z**22/26 + Z**21/26 + Z**20/26 + Z**19/26 + Z**18/26 + Z**17/26 + Z**16/26 + Z**15/26 + Z**14/26 + Z**13/26 + Z**12/26 + Z**11/26 + Z**10/26 + Z**9/26 + Z**8/26 + Z**7/26 + Z**6/26 + Z**5/26 + Z**4/26 + Z**3/26 + Z**2/26 + Z/26",
      "multiplication_rank_e": 1,
      "multiplication_trace_e": "1",
      "one_minus_U26_equals_e": true,
      "rank_one_trace_one": true,
      "rational_root": "1"
    }
  ],
  "degree": 27,
  "factorization": "Z*(Z - 1)*(Z + 1)*(Z**12 - Z**11 + Z**10 - Z**9 + Z**8 - Z**7 + Z**6 - Z**5 + Z**4 - Z**3 + Z**2 - Z + 1)*(Z**12 + Z**11 + Z**10 + Z**9 + Z**8 + Z**7 + Z**6 + Z**5 + Z**4 + Z**3 + Z**2 + Z + 1)",
  "overall_pass": true,
  "polynomial": "Z**27 - Z",
  "rational_linear_factors": 3,
  "square_free": true
}
