ORBIT_SIZE 21456
HIST q1 1:24 2:292 3:796 4:1248 5:980 6:1428
HIST q2 1:24 2:292 3:796 4:1248 5:980 6:1428
HIST q3 1:24 2:292 3:796 4:1248 5:980 6:1428
HIST q4sq 1:18 2:468 3:582 4:984 5:900 7:840 8:192 11:264
CHROM_FIXED 18
IOTA_MISSING 0
IOTA_INVOLUTION 1 IOTA_FIXED_TOTAL 42
MONO q1 FIXED_WIDTH_DIST 2:2 3:6 5:10 W5_CYCLES 980 W5_STATES 4900 DIAG 10
DIAG_IOTA_PRESERVES 0
DIAG_IOTA_FIXED 0 ORBITS (5619,1950) (5707,880) (10252,2777) (11406,5587) (13499,3978) (15797,4081) (17032,7705) (18695,4082) (20064,12705) (21190,10129)
MONO q2 FIXED_WIDTH_DIST 2:2 3:6 5:10 W5_CYCLES 980 W5_STATES 4900 DIAG 10
DIAG_IOTA_PRESERVES 0
DIAG_IOTA_FIXED 0 ORBITS (5707,880) (10293,8509) (13499,3978) (13948,1912) (15796,10258) (15915,13050) (15916,5684) (17032,7705) (19016,4013) (21190,10129)
MONO q3 FIXED_WIDTH_DIST 4:5 6:13 W5_CYCLES 980 W5_STATES 4900 DIAG 0
DIAG_IOTA_PRESERVES 1
DIAG_IOTA_FIXED 0 ORBITS
IOTA_CONJ q1 -> q3^-1
IOTA_CONJ q2 -> q2^-1
IOTA_CONJ q3 -> q1^-1
IOTA_CONJ q4sq ->
MONO_PAIR_OPERATORS 6 CHROM_PAIR_OPERATORS 4
WHOLE_DIAGONAL_SIZE 60 IOTA_PRESERVED 1 IOTA_FIXED 0 CELL_COUNT_HIST 0:12 4:4 10:8 MULTIPLICITY_HIST 1:24 2:36
IOTA_FIXED_DIAGNOSTIC MONO5 30 CHROM_FIXED 0 BOTH 0
