FIVE_BRANCH_COMPONENT_SIZE 21456
Q1_HIST 1^24 2^292 3^796 4^1248 5^980 6^1428
Q2_HIST 1^24 2^292 3^796 4^1248 5^980 6^1428
Q3_HIST 1^24 2^292 3^796 4^1248 5^980 6^1428
Q4SQ_HIST 1^18 2^468 3^582 4^984 5^900 7^840 8^192 11^264
Q1_WIDTH5_CYCLES 980
Q1_CLUTCHED_DISTINCT_INNER_KEYS 980
Q1_CLUTCHED_INVALID 0
Q2_WIDTH5_CYCLES 980
Q2_CLUTCHED_DISTINCT_INNER_KEYS 980
Q2_CLUTCHED_INVALID 0
Q3_WIDTH5_CYCLES 980
Q3_CLUTCHED_DISTINCT_INNER_KEYS 980
Q3_CLUTCHED_INVALID 0
MIXED_FIXED_SIZE 18
MIXED_Q1_HIST 2^1 3^2 5^2
MIXED_Q2_HIST 2^1 3^2 5^2
MIXED_Q1Q2_HIST 3^6
MIXED_MONODROMY_ORBIT_SIZE 18
MIXED_CENTRALIZER_ORDER 2
MIXED_FREE_NONTRIVIAL_CENTRALIZER_ELEMENTS 1
MIXED_Q1_LOCAL 1 3 8 6 10 12 14 15 11 16 13 2 9 4 0 7 17 5
MIXED_Q2_LOCAL 2 4 9 5 11 3 7 1 10 0 12 6 15 14 16 17 13 8
MIXED_CENTRAL_INVOLUTION 16 17 13 5 8 3 12 15 4 14 11 10 6 2 9 7 0 1
R10_LOCAL 0 1 3 5 6 9 12 14 16 17
R10_GLOBAL 5619 5707 10252 11406 13499 15797 17032 18695 20064 21190
R10_SIZE 10
Q2_R10_EQUALS_R10 False
ALL_FIVE_BRANCH_CLUTCHING_MIXED_CHECKS_PASS True
