M23_ORDERED_HURWITZ_CERTIFICATE
PASS True
PYTHON 3.13.5
SYMPY 1.14.0
SCRIPT_SHA256 f8a6464de9ee6c25bde824bec46bfbf8fef1c7f96fdf203c88160cd006da33b7
ATLAS_GROUP_ORDER 10200960
ATLAS_GENERATOR_ORDERS [2, 4]
ATLAS_AB_ORDER 23
ATLAS_TWO_TRANSITIVE True
ATLAS_FOUR_TRANSITIVE True
ATLAS_FIVE_TRANSITIVE False
STABILIZER_CHAIN_ORDERS [10200960, 443520, 20160, 960, 48]
POINT_STABILIZER_ORDER 443520
TUPLE_MEMBERSHIP [True, True, True, True]
TUPLE_GENERATED_GROUP_ORDER 10200960
TUPLE_PRODUCT_ONE True
TUPLE_ORDERS [2, 2, 3, 5]
TUPLE_INDICES [8, 8, 12, 16]
SOURCE_GENUS 0
ORDERED_HURWITZ_ORBIT_SIZE 980
OPERATOR_PRODUCT_ONE True
OPERATOR_INVERSE_CHECKS [True, True, True]
OPERATOR_COMPONENT_SIZES [980]
EQUAL_SLOT_HALF_TWIST_CYCLE_TYPE 2^12 3^38 4^68 5^30 6^70
EQUAL_SLOT_HALF_TWIST_ORDER 60
EQUAL_SLOT_HALF_TWIST_SQUARE_IS_B12 True
PRINTED_SEED_INDEX_ONE_BASED 1
PRINTED_SEED_POINT_PUSH_LENGTHS {'B12': 1, 'B13': 11, 'B14': 11}
B12_CYCLE_TYPE 1^24 2^136 3^178 5^30
B12_SHA256 45d067fef7db3db33af28b52b0089c40e1db7535e84d1f9566f725010aed8bc9
B13_CYCLE_TYPE 1^2 2^21 3^16 4^41 5^46 7^38 8^12 11^12
B13_SHA256 ce159288c02ad663858ae4a164ab1047a2241af4d5471c6358706bded22dae27
B14_CYCLE_TYPE 1^2 2^21 3^16 4^41 5^46 7^38 8^12 11^12
B14_SHA256 8ea8cca1001ec732a8344fbd57b4f6cf5a6de91437f7415ed11508bce4fbc872
ORBIT_KEYS_SHA256 cf5e46fd0c13b69dc9ccffefacba9c51404b1fa1419fe7e0ee48dedce6df5a04
OPERATORS_COMBINED_SHA256 34dc0daf1feffef80feef0ed453a110c00cebd0b60cf28dc0d580ef73caa1cf2
OPERATOR_INDICES [612, 792, 792]
TOTAL_INDEX 2196
COMPACTIFIED_HURWITZ_GENUS 119
TUPLE_FINGERPRINT_SHA256 f7c1cc63ea2b00b9da651667cd0fa45f89270af408bc9eaa218d4a4f5cd916ff
ELAPSED_SECONDS 2.228317
PEAK_RSS_KB 168768
FAILED_CHECKS []
JSON geometry_certificates/verify_m23_ordered_hurwitz.json
